// Jest Snapshot v1, https://goo.gl/fbAQLP

exports[`should maintain snapshot 1`] = `
<Text
  style={
    Object {
      "color": "rgb(37, 37, 37)",
      "fontSize": 12,
      "fontWeight": "bold",
      "marginTop": 20,
    }
  }
>
  Test Label
</Text>
`;
