// Jest Snapshot v1, https://goo.gl/fbAQLP

exports[`AcceptTermsScreen should maintain snapshot 1`] = `
<RCTSafeAreaView
  emulateUnlessSupported={true}
  style={
    Object {
      "flexGrow": 1,
    }
  }
>
  <RCTScrollView
    contentContainerStyle={
      Object {
        "flexGrow": 1,
      }
    }
    showsVerticalScrollIndicator={false}
  >
    <View>
      <View
        style={
          Object {
            "marginLeft": "5%",
            "marginRight": "5%",
          }
        }
      >
        <Text
          style={
            Object {
              "color": "#EE7674",
              "fontSize": 50,
              "fontWeight": "bold",
              "paddingBottom": 20,
              "paddingTop": 20,
              "textAlign": "center",
            }
          }
        >
          two.
        </Text>
        <Text
          data-testid="heading"
          style={
            Object {
              "color": "rgb(37, 37, 37)",
              "fontSize": 25,
              "fontWeight": "bold",
            }
          }
        >
          Terms & Conditions
        </Text>
        <View
          data-testid="container"
          style={
            Array [
              Object {
                "alignItems": "center",
                "borderColor": "rgba(0, 0, 0, 0.1)",
                "borderRadius": 10,
                "borderWidth": 1,
                "flex": 1,
                "flexDirection": "row",
                "justifyContent": "space-between",
                "marginTop": 20,
                "padding": 20,
              },
              Object {
                "borderColor": "rgb(37, 37, 37)",
              },
              undefined,
            ]
          }
        >
          <Text
            style={
              Object {
                "color": "rgb(37, 37, 37)",
                "width": "80%",
              }
            }
          >
            I agree to the 
            <Text
              style={
                Object {
                  "fontWeight": "bold",
                }
              }
            >
              Terms & Conditions
            </Text>
             and
            <Text
              style={
                Object {
                  "fontWeight": "bold",
                }
              }
            >
               Privacy Policy.
            </Text>
          </Text>
          <View
            style={
              Object {
                "alignItems": "center",
                "flex": 1,
                "justifyContent": "center",
                "width": "20%",
              }
            }
          >
            <RCTSwitch
              accessibilityRole="switch"
              onChange={[Function]}
              onResponderTerminationRequest={[Function]}
              onStartShouldSetResponder={[Function]}
              style={
                Array [
                  Object {
                    "height": 31,
                    "width": 51,
                  },
                  Object {
                    "transform": Array [
                      Object {
                        "scaleX": 0.8,
                      },
                      Object {
                        "scaleY": 0.8,
                      },
                    ],
                  },
                ]
              }
              value={false}
            />
          </View>
        </View>
        <View
          data-testid="container"
          style={
            Array [
              Object {
                "alignItems": "center",
                "borderColor": "rgba(0, 0, 0, 0.1)",
                "borderRadius": 10,
                "borderWidth": 1,
                "flex": 1,
                "flexDirection": "row",
                "justifyContent": "space-between",
                "marginTop": 20,
                "padding": 20,
              },
              Object {
                "borderColor": "rgb(37, 37, 37)",
              },
              undefined,
            ]
          }
        >
          <Text
            style={
              Object {
                "color": "rgb(37, 37, 37)",
                "width": "80%",
              }
            }
          >
            I am over the age of 16.
          </Text>
          <View
            style={
              Object {
                "alignItems": "center",
                "flex": 1,
                "justifyContent": "center",
                "width": "20%",
              }
            }
          >
            <RCTSwitch
              accessibilityRole="switch"
              onChange={[Function]}
              onResponderTerminationRequest={[Function]}
              onStartShouldSetResponder={[Function]}
              style={
                Array [
                  Object {
                    "height": 31,
                    "width": 51,
                  },
                  Object {
                    "transform": Array [
                      Object {
                        "scaleX": 0.8,
                      },
                      Object {
                        "scaleY": 0.8,
                      },
                    ],
                  },
                ]
              }
              value={false}
            />
          </View>
        </View>
        <View
          data-testid="container"
          style={
            Array [
              Object {
                "alignItems": "center",
                "borderColor": "rgba(0, 0, 0, 0.1)",
                "borderRadius": 10,
                "borderWidth": 1,
                "flex": 1,
                "flexDirection": "row",
                "justifyContent": "space-between",
                "marginTop": 20,
                "padding": 20,
              },
              undefined,
              undefined,
            ]
          }
        >
          <Text
            style={
              Object {
                "color": "rgb(37, 37, 37)",
                "width": "80%",
              }
            }
          >
            I agree to occasionally receive emails from Two.
          </Text>
          <View
            style={
              Object {
                "alignItems": "center",
                "flex": 1,
                "justifyContent": "center",
                "width": "20%",
              }
            }
          >
            <RCTSwitch
              accessibilityRole="switch"
              onChange={[Function]}
              onResponderTerminationRequest={[Function]}
              onStartShouldSetResponder={[Function]}
              style={
                Array [
                  Object {
                    "height": 31,
                    "width": 51,
                  },
                  Object {
                    "transform": Array [
                      Object {
                        "scaleX": 0.8,
                      },
                      Object {
                        "scaleY": 0.8,
                      },
                    ],
                  },
                ]
              }
              value={false}
            />
          </View>
        </View>
        <TouchableOpacity
          disabled={true}
          onPress={[Function]}
          style={
            Array [
              Object {
                "alignItems": "center",
                "backgroundColor": "#EE7674",
                "justifyContent": "center",
                "marginBottom": 25,
                "marginTop": 25,
                "padding": 20,
              },
              Object {
                "backgroundColor": "rgba(0, 0, 0, 0.2)",
              },
            ]
          }
        >
          <Text
            style={
              Object {
                "color": "white",
                "fontWeight": "bold",
              }
            }
          >
            Accept
          </Text>
        </TouchableOpacity>
      </View>
    </View>
  </RCTScrollView>
</RCTSafeAreaView>
`;
